// Jest Snapshot v1, https://goo.gl/fbAQLP

exports[`Test Quote component Quote renders correctly 1`] = `
<div>
  
</div>
`;

exports[`Testing Quote component Quote renders correctly 1`] = `
<div>
  
</div>
`;
